------------------------------------------------------------------------------------------------------------------
      name:  <unnamed>
       log:  C:\Users\Chung\Desktop\EVS\PCA\Low\pca_low.log
  log type:  text
 opened on:  13 Feb 2025, 13:07:05

. 
. *load the main data
. use "$path\pca_low.dta", clear 

. 
. *set seed
. set seed 123

. 
. *define the local variables for the estimation
. local demographic_vars urban EF29 monthly age edu

. local pca_prices pca_P1 pca_P2 pca_P3 pca_P4 pca_P5 pca_P6 pca_P7 pca_P8 pca_P9 pca_P10 pca_P11 pca_P12 pca_P13 
> pca_P14 pca_P15

. 
. *estimate the QUAIDSCE model
. quaidsce W1-W15, anot(2) prices(`pca_prices') expenditure(expfd) demographics(`demographic_vars') nolog reps(50)
--------------------------------------------------------------------------------
Parallel Computing with Stata
Child processes: 4
pll_id         : awgdwzysn1
Running at     : C:\Users\Chung\Desktop\EVS\PCA\Low
Randtype       : datetime
Waiting for the child processes to finish...
The user pressed -break-. Trying to stop the child processes...
Not able to remove temp dir
child process 0001 Exited with error -1- while running the command/dofile (view log)...
Not able to remove temp dir
child process 0002 Exited with error -1- while running the command/dofile (view log)...
child process 0003 Exited with error -1- while running the command/dofile (view log)...
child process 0004 Exited with error -1- while running the command/dofile (view log)...
--------------------------------------------------------------------------------
Enter -parallel printlog #- to checkout logfiles.
--------------------------------------------------------------------------------
4 child processes encountered errors. Throwing last error.
--Break--
r(1);

end of do-file

--Break--
r(1);

. exit, clear
